EMPTY: M1=1; M2=1; M3=1;
FULL: M1=0; M2=0; M3=0;
MOST FILLED: M1=1,1; M2=1,1; M3=1,1;
