EMPTY: M1=0; M2=0; M3=0;
FULL: M1=1; M2=0; M3=0;
MOST FILLED: M1=0,0; M2=0,0; M3=0,0;
